=== 完整实测口语训练 U1 ===

📋 口语训练 · 单元 1-1 · 1个单元
  ✅ 主页点口语训练入口
    🔔 关闭底部广告 (小X按钮)

  🎯 口语训练 Unit 1
    ✅ 点击 重新答题 (U1)
    ✅ 好的，我知道啦~
    ✅ 开始答题
  📝 第1大题
    🎤 点录音 (540,1365)
    ⏹ 点结束 (540,1365)
    🎤 点录音 (540,1742)
    ⏹ 点结束 (540,1742)
    🎤 点录音 (540,2119)
    ⏹ 点结束 (540,2119)
    ⚠ 未找到录音按钮
    ⚠ 未找到录音按钮
    🎤 点录音 (540,1684)
    ⏹ 点结束 (540,1684)
    🎤 点录音 (540,2061)
    ⏹ 点结束 (540,2061)
    ➡ 下一题（进入下一大题）
  📝 第2大题
    🎤 点录音 (540,1447)
    ⏹ 点结束 (540,1447)
    🎤 点录音 (540,1824)
    ⏹ 点结束 (540,1824)
    ⚠ 未找到录音按钮
    ⚠ 未找到录音按钮
    🎤 点录音 (540,1393)
    ⏹ 点结束 (540,1393)
    🎤 点录音 (540,1770)
    ⏹ 点结束 (540,1770)
    🎤 点录音 (540,2137)
    ⏹ 点结束 (540,2137)
    ➡ 下一题（进入下一大题）
  📝 第3大题
    🔊 点小喇叭 (154,1995)
    🎤 点录音 (540,1668)
    ⏹ 点结束 (540,1668)
    🔊 点小喇叭 (147,947)
    ⚠ 未找到录音按钮
    ⚠ 未找到录音按钮
    🎤 点录音 (540,1513)
    ⏹ 点结束 (540,1513)
    🎤 点录音 (540,2145)
    ⏹ 点结束 (540,2145)
    ⚠ 未找到录音按钮
    ⚠ 未找到录音按钮
    🎤 点录音 (540,2005)
    ⏹ 点结束 (540,2005)
    ⚠ 未找到录音按钮
    ⚠ 未找到录音按钮
    🎤 点录音 (540,1953)
    ⏹ 点结束 (540,1953)
    ➡ 下一题（进入下一大题）
  📝 第4大题
    🔊 点小喇叭 (154,2188)
    🎤 点录音 (540,1861)
    ⏹ 点结束 (540,1861)
    🔊 点小喇叭 (154,1790)
    🎤 点录音 (540,2139)
    ⏹ 点结束 (540,2139)
    🔊 点小喇叭 (147,1500)
    ⚠ 未找到录音按钮
    ⚠ 未找到录音按钮
    🎤 点录音 (540,1635)
    ⏹ 点结束 (540,1635)
    🎤 点录音 (540,1925)
    ⏹ 点结束 (540,1925)
    ⚠ 未找到录音按钮
    ⚠ 未找到录音按钮
    🎤 点录音 (540,1953)
    ⏹ 点结束 (540,1953)
    ✅ 交卷按钮出现，点击交卷
    ✅ 确定交卷
    ⚠ 未发现底部广告
✅ 口语训练完成: 20 题, 耗时 523s
=== 完成: 20 题, 耗时 523s ===
