=== 完整实测单元自检 ===

📋 单元自检 · 单元 1-1 · 1个单元
  ✅ 已进入单元自检

  🎯 单元自检 Unit 1 [1/1]
    ✅ 点击去答题 (U1)
    ⚠ 未知题型，请告知处理方法: ['21:01', '100.0', '100', '小学', '小升初', '初中']
    ⚠ 未知题型，请告知处理方法: ['21:01', '100.0', '100', '小学', '小升初', '初中']
    ⚠ 未知题型，请告知处理方法: ['21:02', '100.0', '100', '小学', '小升初', '初中']
    ⚠ 未知题型，请告知处理方法: ['21:02', '100.0', '100', '小学', '小升初', '初中']
    ⚠ 未知题型，请告知处理方法: ['21:02', '100.0', '100', '小学', '小升初', '初中']
    ⚠ 未知题型，请告知处理方法: ['21:02', '100.0', '100', '小学', '小升初', '初中']
    ⚠ 未知题型，请告知处理方法: ['21:03', '100.0', '100', '小学', '小升初', '初中']
    ⚠ 未知题型，请告知处理方法: ['21:03', '100.0', '100', '考前突破', '听力专项', '当前版本：湘少版（2024审定）五年级上册']
    ⚠ 未知题型，请告知处理方法: ['21:03', '100.0', '100', '练习记录', 'Unit 1 What does she look like?', 'Level 3']
    ⚠ 未知题型，请告知处理方法: ['21:03', '100.0', '100', '2/5', '听录音，判断录音内容与所给信息是否相符，相符的选“T”，不相符的选“F”。', "Mark's sister has long hair."]
      → 选 A
      → 检查
      → 下一题(答错)
      → 选 T
      → 检查
      → 下一题(答错)
    📋 识别到排序题，处理中...
    🔢 人物/句子排序（模式B）：点方框激活 → 点序号
    ⚠ 未找到方框，仍尝试点序号
      → 点序号1 @(131,1793)
      → 点序号2 @(131,1774)
      → 点序号3 @(131,1774)
      → 点序号4 @(131,1774)
      → 点序号5 @(131,1774)
    ⚠ 未知题型，请告知处理方法: ['21:06', '100.0', '100', '小学', '小升初', '初中']
    ⚠ 未知题型，请告知处理方法: ['21:06', '100.0', '100', '小学', '小升初', '初中']
    ⚠ 未知题型，请告知处理方法: ['21:06', '100.0', '100', '小学', '小升初', '初中']
    ⚠ 未知题型，请告知处理方法: ['21:07', '100.0', '100', '小学', '小升初', '初中']
    ⚠ 未知题型，请告知处理方法: ['21:07', '100.0', '100', '小学', '小升初', '初中']
    ⚠ 未知题型，请告知处理方法: ['21:07', '100.0', '100', '小学', '小升初', '初中']
    ⚠ 未知题型，请告知处理方法: ['21:07', '100.0', '100', '小学', '小升初', '初中']
    ⚠ 未知题型，请告知处理方法: ['21:07', '100.0', '100', '小学', '小升初', '初中']
    ⚠ 未知题型，请告知处理方法: ['21:08', '100.0', '100', '小学', '小升初', '初中']
    ⚠ 未知题型，请告知处理方法: ['21:08', '100.0', '100', '小学', '小升初', '初中']
    ⚠ 未知题型，请告知处理方法: ['21:08', '100.0', '100', '小学', '小升初', '初中']
    ⚠ 未知题型，请告知处理方法: ['21:08', '100.0', '100', '小学', '小升初', '初中']
    ⚠ 未知题型，请告知处理方法: ['21:09', '100.0', '100', '小学', '小升初', '初中']
    ⚠ 未知题型，请告知处理方法: ['21:09', '100.0', '100', '小学', '小升初', '初中']
    ⚠ 未知题型，请告知处理方法: ['21:09', '100.0', '100', '小学', '小升初', '初中']
    ⚠ 未知题型，请告知处理方法: ['21:09', '100.0', '100', '小学', '小升初', '初中']
    ⚠ 未知题型，请告知处理方法: ['21:09', '100.0', '100', '小学', '小升初', '初中']
    ⚠ 未知题型，请告知处理方法: ['21:10', '100.0', '100', '小学', '小升初', '初中']
    ⚠ 未知题型，请告知处理方法: ['21:10', '100.0', '100', '小学', '小升初', '初中']
    ⚠ 未知题型，请告知处理方法: ['21:10', '100.0', '100', '小学', '小升初', '初中']
    ⚠ 未知题型，请告知处理方法: ['21:10', '100.0', '100', '小学', '小升初', '初中']
    ⚠ 未知题型，请告知处理方法: ['21:11', '100.0', '100', '小学', '小升初', '初中']
    ⚠ 未知题型，请告知处理方法: ['21:11', '100.0', '100', '小学', '小升初', '初中']
    ⚠ 未知题型，请告知处理方法: ['21:11', '100.0', '100', '小学', '小升初', '初中']
    ⚠ 未知题型，请告知处理方法: ['21:11', '100.0', '100', '小学', '小升初', '初中']
    ⚠ 未知题型，请告知处理方法: ['21:11', '100.0', '100', '小学', '小升初', '初中']
    ⚠ 未知题型，请告知处理方法: ['21:12', '100.0', '100', '小学', '小升初', '初中']
    ⚠ 未知题型，请告知处理方法: ['21:12', '100.0', '100', '小学', '小升初', '初中']
    ⚠ 未知题型，请告知处理方法: ['21:12', '100.0', '100', '小学', '小升初', '初中']
    ⚠ 未知题型，请告知处理方法: ['21:12', '100.0', '100', '小学', '小升初', '初中']
    ⚠ 未知题型，请告知处理方法: ['21:13', '100.0', '100', '小学', '小升初', '初中']
    ⚠ 未知题型，请告知处理方法: ['21:13', '100.0', '100', '小学', '小升初', '初中']
    ⚠ 未知题型，请告知处理方法: ['21:13', '100.0', '100', '小学', '小升初', '初中']
    ⚠ 未知题型，请告知处理方法: ['21:13', '100.0', '100', '小学', '小升初', '初中']
    ⚠ 未知题型，请告知处理方法: ['21:13', '100.0', '100', '小学', '小升初', '初中']
    ⚠ 未知题型，请告知处理方法: ['21:14', '100.0', '100', '小学', '小升初', '初中']
    ⚠ 未知题型，请告知处理方法: ['21:14', '100.0', '100', '小学', '小升初', '初中']
    ⚠ 未知题型，请告知处理方法: ['21:14', '100.0', '100', '小学', '小升初', '初中']
    ⚠ 未知题型，请告知处理方法: ['21:14', '100.0', '100', '小学', '小升初', '初中']
    ⚠ 未知题型，请告知处理方法: ['21:15', '100.0', '100', '小学', '小升初', '初中']
    ⚠ 未知题型，请告知处理方法: ['21:15', '100.0', '100', '小学', '小升初', '初中']
    ⚠ 未知题型，请告知处理方法: ['21:15', '100.0', '100', '练习记录', 'Unit 1 What does she look like?', 'Level 3']
    ⚠ 未知题型，请告知处理方法: ['21:15', '100.0', '100', '练习记录', 'Unit 1 What does she look like?', 'Level 3']
    ⚠ 未知题型，请告知处理方法: ['21:15', '100.0', '100', '练习记录', 'Unit 1 What does she look like?', 'Level 3']
    ⚠ 未知题型，请告知处理方法: ['21:16', '100.0', '100', '练习记录', 'Unit 1 What does she look like?', 'Level 3']
  ✅ U1 完成: 3 题
✅ 单元自检完成: 3 题, 耗时 936s
=== 完成: 3 题, 耗时 936s ===
