
============================================================
开始版本切换：目标 = 湘少版五年级上册
============================================================

============================================================
STEP 00: 回到主学习页（英语 tab）
============================================================
  ❌ [11:10:30] dump_ui: 重试3次仍失败: attempt 3 失败, 降级到OCR
  ✅ [11:10:31] 截图: _ocr_shot.png
  ✅ [11:10:34] dump_ui: OCR兜底成功: 120个元素
  ❌ [11:10:51] dump_ui: 重试3次仍失败: attempt 3 失败, 降级到OCR
  ✅ [11:10:52] 截图: _ocr_shot.png
  ✅ [11:10:55] dump_ui: OCR兜底成功: 122个元素
  ✅ [11:10:56] 按键: 返回(Back)
  ❌ [11:11:14] dump_ui: 重试3次仍失败: attempt 3 失败, 降级到OCR
  ✅ [11:11:16] 截图: _ocr_shot.png
  ✅ [11:11:18] dump_ui: OCR兜底成功: 133个元素
  ✅ [11:11:26] 按键: 返回(Back)
  ❌ [11:11:33] dump_ui: 重试3次仍失败: attempt 3 失败, 降级到OCR
  ✅ [11:11:35] 截图: _ocr_shot.png
  ✅ [11:11:38] dump_ui: OCR兜底成功: 133个元素
  ❌ [11:11:56] dump_ui: 重试3次仍失败: attempt 3 失败, 降级到OCR
  ✅ [11:11:57] 截图: _ocr_shot.png
  ✅ [11:12:00] dump_ui: OCR兜底成功: 128个元素
  ✅ [11:12:00] 按键: 返回(Back)
  ❌ [11:12:08] dump_ui: 重试3次仍失败: attempt 3 失败, 降级到OCR
  ✅ [11:12:10] 截图: _ocr_shot.png
  ✅ [11:12:12] dump_ui: OCR兜底成功: 133个元素
  ❌ [11:12:30] dump_ui: 重试3次仍失败: attempt 3 失败, 降级到OCR
  ✅ [11:12:31] 截图: _ocr_shot.png
  ✅ [11:12:33] dump_ui: OCR兜底成功: 124个元素
  ✅ [11:12:34] 按键: 返回(Back)
  ❌ [11:12:52] dump_ui: 重试3次仍失败: attempt 3 失败, 降级到OCR
  ✅ [11:12:54] 截图: _ocr_shot.png
  ✅ [11:12:56] dump_ui: OCR兜底成功: 130个元素
  ❌ [11:13:13] dump_ui: 重试3次仍失败: attempt 3 失败, 降级到OCR
  ✅ [11:13:14] 截图: _ocr_shot.png
  ✅ [11:13:17] dump_ui: OCR兜底成功: 131个元素
  ✅ [11:13:17] 按键: 返回(Back)
  ❌ [11:13:36] dump_ui: 重试3次仍失败: attempt 3 失败, 降级到OCR
  ✅ [11:13:37] 截图: _ocr_shot.png
  ✅ [11:13:39] dump_ui: OCR兜底成功: 129个元素

============================================================
  已在主学习页
============================================================
  ✅ [11:13:55] 截图: step_01_00_home.png
✅ step_00_ensure_home: 已在主学习页

============================================================
STEP 01: 点击『我』tab
============================================================
  ✅ [11:13:55] 点击: 坐标 (972, 2220)
  ❌ [11:14:16] dump_ui: 重试3次仍失败: attempt 3 失败, 降级到OCR
  ✅ [11:14:17] 截图: _ocr_shot.png
  ✅ [11:14:20] dump_ui: OCR兜底成功: 129个元素
  ❌ [11:14:38] dump_ui: 重试3次仍失败: attempt 3 失败, 降级到OCR
  ✅ [11:14:39] 截图: _ocr_shot.png
  ✅ [11:14:42] dump_ui: OCR兜底成功: 124个元素
